Archive member included because of file (symbol)

c:/program files (x86)/atmel/atmel toolchain/avr8 gcc/native/3.4.1056/avr8-gnu-toolchain/bin/../lib/gcc/avr/4.8.1/../../../../avr/lib/avr5\libm.a(acos.o)
                              gates.o (acos)
c:/program files (x86)/atmel/atmel toolchain/avr8 gcc/native/3.4.1056/avr8-gnu-toolchain/bin/../lib/gcc/avr/4.8.1/../../../../avr/lib/avr5\libm.a(addsf3.o)
                              complex.o (__subsf3)
c:/program files (x86)/atmel/atmel toolchain/avr8 gcc/native/3.4.1056/avr8-gnu-toolchain/bin/../lib/gcc/avr/4.8.1/../../../../avr/lib/avr5\libm.a(addsf3x.o)
                              c:/program files (x86)/atmel/atmel toolchain/avr8 gcc/native/3.4.1056/avr8-gnu-toolchain/bin/../lib/gcc/avr/4.8.1/../../../../avr/lib/avr5\libm.a(acos.o) (__addsf3x)
c:/program files (x86)/atmel/atmel toolchain/avr8 gcc/native/3.4.1056/avr8-gnu-toolchain/bin/../lib/gcc/avr/4.8.1/../../../../avr/lib/avr5\libm.a(atan.o)
                              complex.o (atan)
c:/program files (x86)/atmel/atmel toolchain/avr8 gcc/native/3.4.1056/avr8-gnu-toolchain/bin/../lib/gcc/avr/4.8.1/../../../../avr/lib/avr5\libm.a(cmpsf2.o)
                              gates.o (__eqsf2)
c:/program files (x86)/atmel/atmel toolchain/avr8 gcc/native/3.4.1056/avr8-gnu-toolchain/bin/../lib/gcc/avr/4.8.1/../../../../avr/lib/avr5\libm.a(cos.o)
                              gates.o (cos)
c:/program files (x86)/atmel/atmel toolchain/avr8 gcc/native/3.4.1056/avr8-gnu-toolchain/bin/../lib/gcc/avr/4.8.1/../../../../avr/lib/avr5\libm.a(divsf3.o)
                              complex.o (__divsf3)
c:/program files (x86)/atmel/atmel toolchain/avr8 gcc/native/3.4.1056/avr8-gnu-toolchain/bin/../lib/gcc/avr/4.8.1/../../../../avr/lib/avr5\libm.a(divsf3x.o)
                              c:/program files (x86)/atmel/atmel toolchain/avr8 gcc/native/3.4.1056/avr8-gnu-toolchain/bin/../lib/gcc/avr/4.8.1/../../../../avr/lib/avr5\libm.a(divsf3.o) (__divsf3x)
c:/program files (x86)/atmel/atmel toolchain/avr8 gcc/native/3.4.1056/avr8-gnu-toolchain/bin/../lib/gcc/avr/4.8.1/../../../../avr/lib/avr5\libm.a(exp.o)
                              gates.o (exp)
c:/program files (x86)/atmel/atmel toolchain/avr8 gcc/native/3.4.1056/avr8-gnu-toolchain/bin/../lib/gcc/avr/4.8.1/../../../../avr/lib/avr5\libm.a(fixsfsi.o)
                              gates.o (__fixsfsi)
c:/program files (x86)/atmel/atmel toolchain/avr8 gcc/native/3.4.1056/avr8-gnu-toolchain/bin/../lib/gcc/avr/4.8.1/../../../../avr/lib/avr5\libm.a(fixunssfsi.o)
                              c:/program files (x86)/atmel/atmel toolchain/avr8 gcc/native/3.4.1056/avr8-gnu-toolchain/bin/../lib/gcc/avr/4.8.1/../../../../avr/lib/avr5\libm.a(fixsfsi.o) (__fixunssfsi)
c:/program files (x86)/atmel/atmel toolchain/avr8 gcc/native/3.4.1056/avr8-gnu-toolchain/bin/../lib/gcc/avr/4.8.1/../../../../avr/lib/avr5\libm.a(floatsisf.o)
                              gates.o (__floatsisf)
c:/program files (x86)/atmel/atmel toolchain/avr8 gcc/native/3.4.1056/avr8-gnu-toolchain/bin/../lib/gcc/avr/4.8.1/../../../../avr/lib/avr5\libm.a(fp_arccos.o)
                              c:/program files (x86)/atmel/atmel toolchain/avr8 gcc/native/3.4.1056/avr8-gnu-toolchain/bin/../lib/gcc/avr/4.8.1/../../../../avr/lib/avr5\libm.a(acos.o) (__fp_arccos)
c:/program files (x86)/atmel/atmel toolchain/avr8 gcc/native/3.4.1056/avr8-gnu-toolchain/bin/../lib/gcc/avr/4.8.1/../../../../avr/lib/avr5\libm.a(fp_cmp.o)
                              c:/program files (x86)/atmel/atmel toolchain/avr8 gcc/native/3.4.1056/avr8-gnu-toolchain/bin/../lib/gcc/avr/4.8.1/../../../../avr/lib/avr5\libm.a(cmpsf2.o) (__fp_cmp)
c:/program files (x86)/atmel/atmel toolchain/avr8 gcc/native/3.4.1056/avr8-gnu-toolchain/bin/../lib/gcc/avr/4.8.1/../../../../avr/lib/avr5\libm.a(fp_inf.o)
                              c:/program files (x86)/atmel/atmel toolchain/avr8 gcc/native/3.4.1056/avr8-gnu-toolchain/bin/../lib/gcc/avr/4.8.1/../../../../avr/lib/avr5\libm.a(addsf3x.o) (__fp_inf)
c:/program files (x86)/atmel/atmel toolchain/avr8 gcc/native/3.4.1056/avr8-gnu-toolchain/bin/../lib/gcc/avr/4.8.1/../../../../avr/lib/avr5\libm.a(fp_nan.o)
                              c:/program files (x86)/atmel/atmel toolchain/avr8 gcc/native/3.4.1056/avr8-gnu-toolchain/bin/../lib/gcc/avr/4.8.1/../../../../avr/lib/avr5\libm.a(addsf3x.o) (__fp_nan)
c:/program files (x86)/atmel/atmel toolchain/avr8 gcc/native/3.4.1056/avr8-gnu-toolchain/bin/../lib/gcc/avr/4.8.1/../../../../avr/lib/avr5\libm.a(fp_powser.o)
                              c:/program files (x86)/atmel/atmel toolchain/avr8 gcc/native/3.4.1056/avr8-gnu-toolchain/bin/../lib/gcc/avr/4.8.1/../../../../avr/lib/avr5\libm.a(atan.o) (__fp_powser)
c:/program files (x86)/atmel/atmel toolchain/avr8 gcc/native/3.4.1056/avr8-gnu-toolchain/bin/../lib/gcc/avr/4.8.1/../../../../avr/lib/avr5\libm.a(fp_pscA.o)
[...]
Memory Configuration

Name             Origin             Length             Attributes
text             0x00000000         0x00020000         xr
data             0x00800060         0x0000ffa0         rw !x
eeprom           0x00810000         0x00010000         rw !x
fuse             0x00820000         0x00000400         rw !x
lock             0x00830000         0x00000400         rw !x
signature        0x00840000         0x00000400         rw !x
user_signatures  0x00850000         0x00000400         rw !x
*default*        0x00000000         0xffffffff

Linker script and memory map

LOAD c:/program files (x86)/atmel/atmel toolchain/avr8 gcc/native/3.4.1056/avr8-gnu-toolchain/bin/../lib/gcc/avr/4.8.1/../../../../avr/lib/avr5/crtm32.o
LOAD complex.o
LOAD eeprom.o
LOAD flag.o
LOAD gates.o
LOAD interrupts.o
LOAD jumpstack.o
LOAD qepu.o
LOAD QEPU_Project_Atmega32.o
LOAD qmem.o
LOAD sram.o
LOAD uart.o
LOAD utils.o
START GROUP
LOAD c:/program files (x86)/atmel/atmel toolchain/avr8 gcc/native/3.4.1056/avr8-gnu-toolchain/bin/../lib/gcc/avr/4.8.1/../../../../avr/lib/avr5\libm.a
END GROUP
LOAD c:/program files (x86)/atmel/atmel toolchain/avr8 gcc/native/3.4.1056/avr8-gnu-toolchain/bin/../lib/gcc/avr/4.8.1/avr5\libgcc.a
LOAD c:/program files (x86)/atmel/atmel toolchain/avr8 gcc/native/3.4.1056/avr8-gnu-toolchain/bin/../lib/gcc/avr/4.8.1/../../../../avr/lib/avr5\libm.a
START GROUP
LOAD c:/program files (x86)/atmel/atmel toolchain/avr8 gcc/native/3.4.1056/avr8-gnu-toolchain/bin/../lib/gcc/avr/4.8.1/avr5\libgcc.a
LOAD c:/program files (x86)/atmel/atmel toolchain/avr8 gcc/native/3.4.1056/avr8-gnu-toolchain/bin/../lib/gcc/avr/4.8.1/../../../../avr/lib/avr5\libm.a
LOAD c:/program files (x86)/atmel/atmel toolchain/avr8 gcc/native/3.4.1056/avr8-gnu-toolchain/bin/../lib/gcc/avr/4.8.1/../../../../avr/lib/avr5\libc.a
END GROUP

.hash
 *(.hash)

.dynsym
 *(.dynsym)

.dynstr
 *(.dynstr)

.gnu.version
 *(.gnu.version)

.gnu.version_d
 *(.gnu.version_d)

.gnu.version_r
 *(.gnu.version_r)

.rel.init
 *(.rel.init)

.rela.init
 *(.rela.init)

.rel.text
 *(.rel.text)
 *(.rel.text.*)
 *(.rel.gnu.linkonce.t*)

.rela.text
 *(.rela.text)
 *(.rela.text.*)
 *(.rela.gnu.linkonce.t*)

.rel.fini
 *(.rel.fini)

.rela.fini
 *(.rela.fini)

.rel.rodata
 *(.rel.rodata)
 *(.rel.rodata.*)
 *(.rel.gnu.linkonce.r*)

.rela.rodata
 *(.rela.rodata)
 *(.rela.rodata.*)
 *(.rela.gnu.linkonce.r*)

.rel.data
 *(.rel.data)
 *(.rel.data.*)
 *(.rel.gnu.linkonce.d*)

.rela.data
 *(.rela.data)
 *(.rela.data.*)
 *(.rela.gnu.linkonce.d*)

.rel.ctors
 *(.rel.ctors)

.rela.ctors
 *(.rela.ctors)

.rel.dtors
 *(.rel.dtors)

.rela.dtors
 *(.rela.dtors)

.rel.got
 *(.rel.got)

.rela.got
 *(.rela.got)

.rel.bss
 *(.rel.bss)

.rela.bss
 *(.rela.bss)

.rel.plt
 *(.rel.plt)

.rela.plt
 *(.rela.plt)

.text           0x00000000     0x745a
 *(.vectors)
 .vectors       0x00000000       0x54 c:/program files (x86)/atmel/atmel toolchain/avr8 gcc/native/3.4.1056/avr8-gnu-toolchain/bin/../lib/gcc/avr/4.8.1/../../../../avr/lib/avr5/crtm32.o
                0x00000000                __vector_default
                0x00000000                __vectors
 *(.vectors)
 *(.progmem.gcc*)
 .progmem.gcc_sw_table._ZN4QEPU7executeEilll
                0x00000054       0xa2 qepu.o
 .progmem.gcc_fplib
                0x000000f6       0x2d c:/program files (x86)/atmel/atmel toolchain/avr8 gcc/native/3.4.1056/avr8-gnu-toolchain/bin/../lib/gcc/avr/4.8.1/../../../../avr/lib/avr5\libm.a(atan.o)
 .progmem.gcc_fplib
                0x00000123       0x28 c:/program files (x86)/atmel/atmel toolchain/avr8 gcc/native/3.4.1056/avr8-gnu-toolchain/bin/../lib/gcc/avr/4.8.1/../../../../avr/lib/avr5\libm.a(exp.o)
 .progmem.gcc_fplib
                0x0000014b       0x28 c:/program files (x86)/atmel/atmel toolchain/avr8 gcc/native/3.4.1056/avr8-gnu-toolchain/bin/../lib/gcc/avr/4.8.1/../../../../avr/lib/avr5\libm.a(fp_arccos.o)
 .progmem.gcc_fplib
                0x00000173       0x1e c:/program files (x86)/atmel/atmel toolchain/avr8 gcc/native/3.4.1056/avr8-gnu-toolchain/bin/../lib/gcc/avr/4.8.1/../../../../avr/lib/avr5\libm.a(fp_sinus.o)
 .progmem.gcc_fplib
                0x00000191       0x5a c:/program files (x86)/atmel/atmel toolchain/avr8 gcc/native/3.4.1056/avr8-gnu-toolchain/bin/../lib/gcc/avr/4.8.1/../../../../avr/lib/avr5\libm.a(log.o)
                0x000001ec                . = ALIGN (0x2)
 *fill*         0x000001eb        0x1 
                0x000001ec                __trampolines_start = .
 *(.trampolines)
 .trampolines   0x000001ec        0x0 linker stubs
 *(.trampolines*)
                0x000001ec                __trampolines_end = .
 *(.progmem*)
                0x000001ec                . = ALIGN (0x2)
 *(.jumptables)
 *(.jumptables*)
 *(.lowtext)
 *(.lowtext*)
                0x000001ec                __ctors_start = .
 *(.ctors)
 .ctors         0x000001ec        0x2 gates.o
                0x000001ee                __ctors_end = .
                0x000001ee                __dtors_start = .
 *(.dtors)
                0x000001ee                __dtors_end = .
 SORT(*)(.ctors)
 SORT(*)(.dtors)
 *(.init0)
 .init0         0x000001ee        0x0 c:/program files (x86)/atmel/atmel toolchain/avr8 gcc/native/3.4.1056/avr8-gnu-toolchain/bin/../lib/gcc/avr/4.8.1/../../../../avr/lib/avr5/crtm32.o
                0x000001ee                __init
 *(.init0)
 *(.init1)
 *(.init1)
 *(.init2)
 .init2         0x000001ee        0xc c:/program files (x86)/atmel/atmel toolchain/avr8 gcc/native/3.4.1056/avr8-gnu-toolchain/bin/../lib/gcc/avr/4.8.1/../../../../avr/lib/avr5/crtm32.o
 *(.init2)
 *(.init3)
 *(.init3)
 *(.init4)
 .init4         0x000001fa       0x16 c:/program files (x86)/atmel/atmel toolchain/avr8 gcc/native/3.4.1056/avr8-gnu-toolchain/bin/../lib/gcc/avr/4.8.1/avr5\libgcc.a(_copy_data.o)
                0x000001fa                __do_copy_data
 .init4         0x00000210       0x10 c:/program files (x86)/atmel/atmel toolchain/avr8 gcc/native/3.4.1056/avr8-gnu-toolchain/bin/../lib/gcc/avr/4.8.1/avr5\libgcc.a(_clear_bss.o)
                0x00000210                __do_clear_bss
 *(.init4)
 *(.init5)
 *(.init5)
 *(.init6)
 .init6         0x00000220       0x16 c:/program files (x86)/atmel/atmel toolchain/avr8 gcc/native/3.4.1056/avr8-gnu-toolchain/bin/../lib/gcc/avr/4.8.1/avr5\libgcc.a(_ctors.o)
                0x00000220                __do_global_ctors
 *(.init6)
 *(.init7)
 *(.init7)
 *(.init8)
 *(.init8)
 *(.init9)
 .init9         0x00000236        0x8 c:/program files (x86)/atmel/atmel toolchain/avr8 gcc/native/3.4.1056/avr8-gnu-toolchain/bin/../lib/gcc/avr/4.8.1/../../../../avr/lib/avr5/crtm32.o
 *(.init9)
 *(.text)
 .text          0x0000023e        0x4 c:/program files (x86)/atmel/atmel toolchain/avr8 gcc/native/3.4.1056/avr8-gnu-toolchain/bin/../lib/gcc/avr/4.8.1/../../../../avr/lib/avr5/crtm32.o
                0x0000023e                __vector_1
                0x0000023e                __vector_12
                0x0000023e                __bad_interrupt
                0x0000023e                __vector_6
                0x0000023e                __vector_3
                0x0000023e                __vector_11
                0x0000023e                __vector_13
                0x0000023e                __vector_17
                0x0000023e                __vector_19
                0x0000023e                __vector_7
                0x0000023e                __vector_5
                0x0000023e                __vector_4
                0x0000023e                __vector_9
                0x0000023e                __vector_2
                0x0000023e                __vector_15
                0x0000023e                __vector_8
                0x0000023e                __vector_14
                0x0000023e                __vector_10
                0x0000023e                __vector_16
                0x0000023e                __vector_18
                0x0000023e                __vector_20
                0x00000242                . = ALIGN (0x2)
 *(.text.*)
 .text._ZN7ComplexC2Eff
                0x00000242       0x1c complex.o
                0x00000242                _ZN7ComplexC2Eff
                0x00000242                _ZN7ComplexC1Eff
 .text._ZN7ComplexC2Ev
                0x0000025e       0x14 complex.o
                0x0000025e                _ZN7ComplexC1Ev
                0x0000025e                _ZN7ComplexC2Ev
 .text._ZN7Complex3addES_
                0x00000272       0xba complex.o
                0x00000272                _ZN7Complex3addES_
 .text._ZN7Complex3mulES_
                0x0000032c      0x136 complex.o
                0x0000032c                _ZN7Complex3mulES_
 .text._ZN7Complex3argEv
                0x00000462       0x1c complex.o
                0x00000462                _ZN7Complex3argEv
 .text._ZN6EEPromC2Ev
                0x0000047e        0xc eeprom.o
                0x0000047e                _ZN6EEPromC2Ev
                0x0000047e                _ZN6EEPromC1Ev
 .text._ZN6EEProm4readEj
                0x0000048a       0xb2 eeprom.o
                0x0000048a                _ZN6EEProm4readEj
 .text._ZN6EEProm11count_linesEv
                0x0000053c       0xc8 eeprom.o
                0x0000053c                _ZN6EEProm11count_linesEv
 .text._ZN4QEPU4FlagC2Ev
                0x00000604        0x8 flag.o
                0x00000604                _ZN4QEPU4FlagC1Ev
                0x00000604                _ZN4QEPU4FlagC2Ev
 .text._ZN4QEPU4Flag7compareEii
                0x0000060c       0x6e flag.o
                0x0000060c                _ZN4QEPU4Flag7compareEii
 .text._ZN5GatesC2Ev
                0x0000067a        0x2 gates.o
                0x0000067a                _ZN5GatesC2Ev
                0x0000067a                _ZN5GatesC1Ev
 .text._ZN5Gates5touchEd
                0x0000067c       0x60 gates.o
                0x0000067c                _ZN5Gates5touchEd
 .text._ZN5Gates17reverse_kroneckerEP7Complexi
                0x000006dc      0x1fe gates.o
                0x000006dc                _ZN5Gates17reverse_kroneckerEP7Complexi
 .text._ZN5Gates9kroneckerEP7Complexii
                0x000008da      0x1f2 gates.o
                0x000008da                _ZN5Gates9kroneckerEP7Complexii
 .text._ZN5Gates8ampl2vecEiPiS0_
                0x00000acc      0x208 gates.o
                0x00000acc                _ZN5Gates8ampl2vecEiPiS0_
 .text._ZN5Gates8vec2amplEP7Complexi
                0x00000cd4       0xf8 gates.o
                0x00000cd4                _ZN5Gates8vec2amplEP7Complexi
 .text._ZN5Gates11multiply2x2EP7ComplexPA2_S0_
                0x00000dcc      0x17c gates.o
                0x00000dcc                _ZN5Gates11multiply2x2EP7ComplexPA2_S0_
 .text._ZN5Gates11multiply4x4EP7ComplexPA4_S0_
                0x00000f48      0x14e gates.o
                0x00000f48                _ZN5Gates11multiply4x4EP7ComplexPA4_S0_
 .text._ZN5Gates11multiply8x8EP7ComplexPA8_S0_
                0x00001096      0x146 gates.o
                0x00001096                _ZN5Gates11multiply8x8EP7ComplexPA8_S0_
 .text._ZN5Gates1XEii
                0x000011dc       0xd4 gates.o
                0x000011dc                _ZN5Gates1XEii
 .text._ZN5Gates1YEii
                0x000012b0       0xd4 gates.o
                0x000012b0                _ZN5Gates1YEii
 .text._ZN5Gates1ZEii
                0x00001384       0xd4 gates.o
                0x00001384                _ZN5Gates1ZEii
 .text._ZN5Gates1HEii
                0x00001458       0xdc gates.o
                0x00001458                _ZN5Gates1HEii
 .text._ZN5Gates1SEii
                0x00001534       0xd4 gates.o
                0x00001534                _ZN5Gates1SEii
 .text._ZN5Gates1TEii
                0x00001608       0xd2 gates.o
                0x00001608                _ZN5Gates1TEii
 .text._ZN5Gates3CNOEiiii
                0x000016da      0x204 gates.o
                0x000016da                _ZN5Gates3CNOEiiii
 .text._ZN5Gates3CSIEiiii
                0x000018de      0x204 gates.o
                0x000018de                _ZN5Gates3CSIEiiii
 .text._ZN5Gates3SWAEiiii
                0x00001ae2      0x204 gates.o
                0x00001ae2                _ZN5Gates3SWAEiiii
 .text._ZN5Gates3INCEiiii
                0x00001ce6      0x204 gates.o
                0x00001ce6                _ZN5Gates3INCEiiii
 .text._ZN5Gates3DECEiiii
                0x00001eea      0x204 gates.o
                0x00001eea                _ZN5Gates3DECEiiii
 .text._ZN5Gates3SWQEiiii
                0x000020ee      0x20c gates.o
                0x000020ee                _ZN5Gates3SWQEiiii
 .text._ZN5Gates3SWIEiiii
                0x000022fa      0x204 gates.o
                0x000022fa                _ZN5Gates3SWIEiiii
 .text._ZN5Gates3ROXEiii
                0x000024fe      0x13e gates.o
                0x000024fe                _ZN5Gates3ROXEiii
 .text._ZN5Gates3ROYEiii
                0x0000263c      0x138 gates.o
                0x0000263c                _ZN5Gates3ROYEiii
 .text._ZN5Gates3ROZEiii
                0x00002774      0x12c gates.o
                0x00002774                _ZN5Gates3ROZEiii
 .text._ZN5Gates3CSWEiiiiii
                0x000028a0      0x5fc gates.o
                0x000028a0                _ZN5Gates3CSWEiiiiii
 .text._ZN5Gates3TOFEiiiiii
                0x00002e9c      0x5fc gates.o
                0x00002e9c                _ZN5Gates3TOFEiiiiii
 .text._ZN5Gates3DEUEiiiiiii
                0x00003498      0x6a4 gates.o
                0x00003498                _ZN5Gates3DEUEiiiiiii
 .text._GLOBAL__sub_I__ZN5GatesC2Ev
                0x00003b3c        0xa gates.o
 .text._ZN4QEPU13interrupt_cpuEi
                0x00003b46      0x222 interrupts.o
                0x00003b46                _ZN4QEPU13interrupt_cpuEi
 .text._ZN4QEPU9JumpstackC2Ev
                0x00003d68        0x8 jumpstack.o
                0x00003d68                _ZN4QEPU9JumpstackC1Ev
                0x00003d68                _ZN4QEPU9JumpstackC2Ev
 .text._ZN4QEPU9Jumpstack4pushEi
                0x00003d70       0x20 jumpstack.o
                0x00003d70                _ZN4QEPU9Jumpstack4pushEi
 .text._ZN4QEPU9Jumpstack3popEv
                0x00003d90       0x3c jumpstack.o
                0x00003d90                _ZN4QEPU9Jumpstack3popEv
 .text._ZN4QEPU10setup_seedEv
                0x00003dcc       0x24 qepu.o
                0x00003dcc                _ZN4QEPU10setup_seedEv
 .text._ZN4QEPUC2Ev
                0x00003df0       0x6e qepu.o
                0x00003df0                _ZN4QEPUC1Ev
                0x00003df0                _ZN4QEPUC2Ev
 .text._ZN4QEPU7executeEilll
                0x00003e5e     0x15fe qepu.o
                0x00003e5e                _ZN4QEPU7executeEilll
 .text._ZN4QEPU3runEv
                0x0000545c      0x25a qepu.o
                0x0000545c                _ZN4QEPU3runEv
 .text.main     0x000056b6       0x28 QEPU_Project_Atmega32.o
                0x000056b6                main
 .text._ZN4QMEMC2Ev
                0x000056de       0x1c qmem.o
                0x000056de                _ZN4QMEMC2Ev
                0x000056de                _ZN4QMEMC1Ev
 .text._ZN4QMEM14setbuffctrlpinEii
                0x000056fa       0x2c qmem.o
                0x000056fa                _ZN4QMEM14setbuffctrlpinEii
 .text._ZN4QMEM14deselect_qubitEv
                0x00005726       0x12 qmem.o
                0x00005726                _ZN4QMEM14deselect_qubitEv
 .text._ZN4QMEM12select_qubitEi
                0x00005738      0x13a qmem.o
                0x00005738                _ZN4QMEM12select_qubitEi
 .text._ZN4QMEM10setctrlpinEii
                0x00005872       0x2c qmem.o
                0x00005872                _ZN4QMEM10setctrlpinEii
 .text._ZN4QMEM5writeEiii
                0x0000589e       0x5a qmem.o
                0x0000589e                _ZN4QMEM5writeEiii
 .text._ZN4QMEM4readEiib
                0x000058f8       0x52 qmem.o
                0x000058f8                _ZN4QMEM4readEiib
 .text._ZN4QMEM7measureEi
                0x0000594a       0x4e qmem.o
                0x0000594a                _ZN4QMEM7measureEi
 .text._ZN4QMEM14fetch_registerEi
                0x00005998       0xea qmem.o
                0x00005998                _ZN4QMEM14fetch_registerEi
 .text._ZN4QMEM12set_registerEii
                0x00005a82       0x86 qmem.o
                0x00005a82                _ZN4QMEM12set_registerEii
 .text._ZN4SRAM4initEv
                0x00005b08       0x1a sram.o
                0x00005b08                _ZN4SRAM4initEv
 .text._ZN4SRAMC2Ev
                0x00005b22       0x18 sram.o
                0x00005b22                _ZN4SRAMC2Ev
                0x00005b22                _ZN4SRAMC1Ev
 .text._ZN4SRAM11set_addressEi
                0x00005b3a       0x2e sram.o
                0x00005b3a                _ZN4SRAM11set_addressEi
 .text._ZN4SRAM10setctrlpinEii
                0x00005b68       0x2c sram.o
                0x00005b68                _ZN4SRAM10setctrlpinEii
 .text._ZN4SRAM17memory_managementEv
                0x00005b94       0x22 sram.o
                0x00005b94                _ZN4SRAM17memory_managementEv
 .text._ZN4SRAM4readEi
                0x00005bb6       0x4a sram.o
                0x00005bb6                _ZN4SRAM4readEi
 .text._ZN4SRAM9read_sramEv
                0x00005c00       0x8c sram.o
                0x00005c00                _ZN4SRAM9read_sramEv
 .text._ZN4SRAM5writeEii
                0x00005c8c       0x50 sram.o
                0x00005c8c                _ZN4SRAM5writeEii
 .text._ZN4SRAM3popEv
                0x00005cdc       0x3c sram.o
                0x00005cdc                _ZN4SRAM3popEv
 .text._ZN4SRAM4pushEi
                0x00005d18       0x98 sram.o
                0x00005d18                _ZN4SRAM4pushEi
 .text._ZN6SerialC2Ev
                0x00005db0       0x10 uart.o
                0x00005db0                _ZN6SerialC1Ev
                0x00005db0                _ZN6SerialC2Ev
 .text._ZN6Serial4readEv
                0x00005dc0        0x8 uart.o
                0x00005dc0                _ZN6Serial4readEv
 .text._ZN6Serial5writeEc
                0x00005dc8        0x8 uart.o
                0x00005dc8                _ZN6Serial5writeEc
 .text._ZN6Serial8writestrEPc
                0x00005dd0       0x2a uart.o
                0x00005dd0                _ZN6Serial8writestrEPc
 .text._ZN6Serial10writestrlnEPc
                0x00005dfa       0x18 uart.o
                0x00005dfa                _ZN6Serial10writestrlnEPc
 .text._ZN5Utils10int2binstrEii
                0x00005e12       0x56 utils.o
                0x00005e12                _ZN5Utils10int2binstrEii
 .text._ZN5Utils5delayEi
                0x00005e68       0x1c utils.o
                0x00005e68                _ZN5Utils5delayEi
 .text._ZN5Utils10custom_powEfi
                0x00005e84       0x54 utils.o
                0x00005e84                _ZN5Utils10custom_powEfi
 .text._ZN5Utils17arrint_shiftrightEPiii
                0x00005ed8       0x5a utils.o
                0x00005ed8                _ZN5Utils17arrint_shiftrightEPiii
 .text.avr-libc.fplib
                0x00005f32       0x1c c:/program files (x86)/atmel/atmel toolchain/avr8 gcc/native/3.4.1056/avr8-gnu-toolchain/bin/../lib/gcc/avr/4.8.1/../../../../avr/lib/avr5\libm.a(acos.o)
                0x00005f32                acos
 .text.avr-libc.fplib
                0x00005f4e        0xa c:/program files (x86)/atmel/atmel toolchain/avr8 gcc/native/3.4.1056/avr8-gnu-toolchain/bin/../lib/gcc/avr/4.8.1/../../../../avr/lib/avr5\libm.a(addsf3.o)
                0x00005f4e                __subsf3
                0x00005f50                __addsf3
 .text.avr-libc.fplib
                0x00005f58       0xc0 c:/program files (x86)/atmel/atmel toolchain/avr8 gcc/native/3.4.1056/avr8-gnu-toolchain/bin/../lib/gcc/avr/4.8.1/../../../../avr/lib/avr5\libm.a(addsf3x.o)
                0x00005f72                __addsf3x
 .text.avr-libc.fplib
                0x00006018       0x50 c:/program files (x86)/atmel/atmel toolchain/avr8 gcc/native/3.4.1056/avr8-gnu-toolchain/bin/../lib/gcc/avr/4.8.1/../../../../avr/lib/avr5\libm.a(atan.o)
                0x00006018                atan
 .text.avr-libc.fplib
                0x00006068        0x8 c:/program files (x86)/atmel/atmel toolchain/avr8 gcc/native/3.4.1056/avr8-gnu-toolchain/bin/../lib/gcc/avr/4.8.1/../../../../avr/lib/avr5\libm.a(cmpsf2.o)
                0x00006068                __nesf2
                0x00006068                __eqsf2
                0x00006068                __cmpsf2
                0x00006068                __ltsf2
                0x00006068                __lesf2
 .text.avr-libc.fplib
                0x00006070        0x6 c:/program files (x86)/atmel/atmel toolchain/avr8 gcc/native/3.4.1056/avr8-gnu-toolchain/bin/../lib/gcc/avr/4.8.1/../../../../avr/lib/avr5\libm.a(cos.o)
                0x00006070                cos
 .text.avr-libc.fplib
                0x00006076        0x4 c:/program files (x86)/atmel/atmel toolchain/avr8 gcc/native/3.4.1056/avr8-gnu-toolchain/bin/../lib/gcc/avr/4.8.1/../../../../avr/lib/avr5\libm.a(divsf3.o)
                0x00006076                __divsf3
 .text.avr-libc.fplib
                0x0000607a       0xcc c:/program files (x86)/atmel/atmel toolchain/avr8 gcc/native/3.4.1056/avr8-gnu-toolchain/bin/../lib/gcc/avr/4.8.1/../../../../avr/lib/avr5\libm.a(divsf3x.o)
                0x00006090                __divsf3x
                0x00006094                __divsf3_pse
 .text.avr-libc.fplib
                0x00006146       0x62 c:/program files (x86)/atmel/atmel toolchain/avr8 gcc/native/3.4.1056/avr8-gnu-toolchain/bin/../lib/gcc/avr/4.8.1/../../../../avr/lib/avr5\libm.a(exp.o)
                0x00006150                exp
 .text.avr-libc.fplib
                0x000061a8        0xa c:/program files (x86)/atmel/atmel toolchain/avr8 gcc/native/3.4.1056/avr8-gnu-toolchain/bin/../lib/gcc/avr/4.8.1/../../../../avr/lib/avr5\libm.a(fixsfsi.o)
                0x000061a8                __fixsfsi
 .text.avr-libc.fplib
                0x000061b2       0x58 c:/program files (x86)/atmel/atmel toolchain/avr8 gcc/native/3.4.1056/avr8-gnu-toolchain/bin/../lib/gcc/avr/4.8.1/../../../../avr/lib/avr5\libm.a(fixunssfsi.o)
                0x000061b2                __fixunssfsi
 .text.avr-libc.fplib
                0x0000620a       0x7a c:/program files (x86)/atmel/atmel toolchain/avr8 gcc/native/3.4.1056/avr8-gnu-toolchain/bin/../lib/gcc/avr/4.8.1/../../../../avr/lib/avr5\libm.a(floatsisf.o)
                0x0000620a                __floatunsisf
                0x0000620e                __floatsisf
 .text.avr-libc.fplib
                0x00006284       0x36 c:/program files (x86)/atmel/atmel toolchain/avr8 gcc/native/3.4.1056/avr8-gnu-toolchain/bin/../lib/gcc/avr/4.8.1/../../../../avr/lib/avr5\libm.a(fp_arccos.o)
                0x00006284                __fp_arccos
 .text.avr-libc.fplib
                0x000062ba       0x48 c:/program files (x86)/atmel/atmel toolchain/avr8 gcc/native/3.4.1056/avr8-gnu-toolchain/bin/../lib/gcc/avr/4.8.1/../../../../avr/lib/avr5\libm.a(fp_cmp.o)
                0x000062ba                __fp_cmp
 .text.avr-libc.fplib
                0x00006302        0xc c:/program files (x86)/atmel/atmel toolchain/avr8 gcc/native/3.4.1056/avr8-gnu-toolchain/bin/../lib/gcc/avr/4.8.1/../../../../avr/lib/avr5\libm.a(fp_inf.o)
                0x00006302                __fp_inf
 .text.avr-libc.fplib
                0x0000630e        0x6 c:/program files (x86)/atmel/atmel toolchain/avr8 gcc/native/3.4.1056/avr8-gnu-toolchain/bin/../lib/gcc/avr/4.8.1/../../../../avr/lib/avr5\libm.a(fp_nan.o)
                0x0000630e                __fp_nan
 .text.avr-libc.fplib
                0x00006314       0x4a c:/program files (x86)/atmel/atmel toolchain/avr8 gcc/native/3.4.1056/avr8-gnu-toolchain/bin/../lib/gcc/avr/4.8.1/../../../../avr/lib/avr5\libm.a(fp_powser.o)
                0x00006314                __fp_powser
 .text.avr-libc.fplib
                0x0000635e        0xe c:/program files (x86)/atmel/atmel toolchain/avr8 gcc/native/3.4.1056/avr8-gnu-toolchain/bin/../lib/gcc/avr/4.8.1/../../../../avr/lib/avr5\libm.a(fp_pscA.o)
                0x0000635e                __fp_pscA
 .text.avr-libc.fplib
                0x0000636c        0xe c:/program files (x86)/atmel/atmel toolchain/avr8 gcc/native/3.4.1056/avr8-gnu-toolchain/bin/../lib/gcc/avr/4.8.1/../../../../avr/lib/avr5\libm.a(fp_pscB.o)
                0x0000636c                __fp_pscB
 .text.avr-libc.fplib
                0x0000637a       0x50 c:/program files (x86)/atmel/atmel toolchain/avr8 gcc/native/3.4.1056/avr8-gnu-toolchain/bin/../lib/gcc/avr/4.8.1/../../../../avr/lib/avr5\libm.a(fp_rempio2.o)
                0x0000637c                __fp_rempio2
 .text.avr-libc.fplib
                0x000063ca       0x22 c:/program files (x86)/atmel/atmel toolchain/avr8 gcc/native/3.4.1056/avr8-gnu-toolchain/bin/../lib/gcc/avr/4.8.1/../../../../avr/lib/avr5\libm.a(fp_round.o)
                0x000063ca                __fp_round
 .text.avr-libc.fplib
                0x000063ec       0x22 c:/program files (x86)/atmel/atmel toolchain/avr8 gcc/native/3.4.1056/avr8-gnu-toolchain/bin/../lib/gcc/avr/4.8.1/../../../../avr/lib/avr5\libm.a(fp_sinus.o)
                0x000063ec                __fp_sinus
 .text.avr-libc.fplib
                0x0000640e       0x44 c:/program files (x86)/atmel/atmel toolchain/avr8 gcc/native/3.4.1056/avr8-gnu-toolchain/bin/../lib/gcc/avr/4.8.1/../../../../avr/lib/avr5\libm.a(fp_split3.o)
                0x0000640e                __fp_split3
                0x0000641e                __fp_splitA
 .text.avr-libc.fplib
                0x00006452        0xe c:/program files (x86)/atmel/atmel toolchain/avr8 gcc/native/3.4.1056/avr8-gnu-toolchain/bin/../lib/gcc/avr/4.8.1/../../../../avr/lib/avr5\libm.a(fp_zero.o)
                0x00006452                __fp_zero
                0x00006454                __fp_szero
 .text.avr-libc.fplib
                0x00006460        0x8 c:/program files (x86)/atmel/atmel toolchain/avr8 gcc/native/3.4.1056/avr8-gnu-toolchain/bin/../lib/gcc/avr/4.8.1/../../../../avr/lib/avr5\libm.a(gesf2.o)
                0x00006460                __gesf2
                0x00006460                __gtsf2
 .text.avr-libc.fplib
                0x00006468        0xe c:/program files (x86)/atmel/atmel toolchain/avr8 gcc/native/3.4.1056/avr8-gnu-toolchain/bin/../lib/gcc/avr/4.8.1/../../../../avr/lib/avr5\libm.a(inverse.o)
                0x00006468                inverse
 .text.avr-libc.fplib
                0x00006476       0x6c c:/program files (x86)/atmel/atmel toolchain/avr8 gcc/native/3.4.1056/avr8-gnu-toolchain/bin/../lib/gcc/avr/4.8.1/../../../../avr/lib/avr5\libm.a(ldexp.o)
                0x0000647a                ldexp
 .text.avr-libc.fplib
                0x000064e2       0x8a c:/program files (x86)/atmel/atmel toolchain/avr8 gcc/native/3.4.1056/avr8-gnu-toolchain/bin/../lib/gcc/avr/4.8.1/../../../../avr/lib/avr5\libm.a(log.o)
                0x000064ec                log
 .text.avr-libc.fplib
                0x0000656c       0x66 c:/program files (x86)/atmel/atmel toolchain/avr8 gcc/native/3.4.1056/avr8-gnu-toolchain/bin/../lib/gcc/avr/4.8.1/../../../../avr/lib/avr5\libm.a(modf.o)
                0x0000656c                modf
                0x0000656c                modff
 .text.avr-libc.fplib
                0x000065d2        0x4 c:/program files (x86)/atmel/atmel toolchain/avr8 gcc/native/3.4.1056/avr8-gnu-toolchain/bin/../lib/gcc/avr/4.8.1/../../../../avr/lib/avr5\libm.a(mulsf3.o)
                0x000065d2                __mulsf3
 .text.avr-libc.fplib
                0x000065d6       0xc2 c:/program files (x86)/atmel/atmel toolchain/avr8 gcc/native/3.4.1056/avr8-gnu-toolchain/bin/../lib/gcc/avr/4.8.1/../../../../avr/lib/avr5\libm.a(mulsf3x.o)
                0x000065ea                __mulsf3x
                0x000065ee                __mulsf3_pse
 .text.avr-libc.fplib
                0x00006698        0xc c:/program files (x86)/atmel/atmel toolchain/avr8 gcc/native/3.4.1056/avr8-gnu-toolchain/bin/../lib/gcc/avr/4.8.1/../../../../avr/lib/avr5\libm.a(sin.o)
                0x00006698                sin
 .text.avr-libc.fplib
                0x000066a4       0x84 c:/program files (x86)/atmel/atmel toolchain/avr8 gcc/native/3.4.1056/avr8-gnu-toolchain/bin/../lib/gcc/avr/4.8.1/../../../../avr/lib/avr5\libm.a(sqrt.o)
                0x000066ac                sqrt
 .text.avr-libc.fplib
                0x00006728        0x6 c:/program files (x86)/atmel/atmel toolchain/avr8 gcc/native/3.4.1056/avr8-gnu-toolchain/bin/../lib/gcc/avr/4.8.1/../../../../avr/lib/avr5\libm.a(square.o)
                0x00006728                square
 .text.avr-libc.fplib
                0x0000672e       0x1c c:/program files (x86)/atmel/atmel toolchain/avr8 gcc/native/3.4.1056/avr8-gnu-toolchain/bin/../lib/gcc/avr/4.8.1/../../../../avr/lib/avr5\libm.a(fp_mpack.o)
                0x0000672e                __fp_mpack
                0x00006732                __fp_mpack_finite
 .text.avr-libc.fplib
                0x0000674a        0xe c:/program files (x86)/atmel/atmel toolchain/avr8 gcc/native/3.4.1056/avr8-gnu-toolchain/bin/../lib/gcc/avr/4.8.1/../../../../avr/lib/avr5\libm.a(fp_norm2.o)
                0x0000674a                __fp_norm2
 .text.avr-libc.fplib
                0x00006758       0x22 c:/program files (x86)/atmel/atmel toolchain/avr8 gcc/native/3.4.1056/avr8-gnu-toolchain/bin/../lib/gcc/avr/4.8.1/../../../../avr/lib/avr5\libm.a(fp_powsodd.o)
                0x00006758                __fp_powsodd
 .text.libgcc.div
                0x0000677a       0x28 c:/program files (x86)/atmel/atmel toolchain/avr8 gcc/native/3.4.1056/avr8-gnu-toolchain/bin/../lib/gcc/avr/4.8.1/avr5\libgcc.a(_divmodhi4.o)
                0x0000677a                _div
                0x0000677a                __divmodhi4
 .text.libgcc.div
                0x000067a2       0x2e c:/program files (x86)/atmel/atmel toolchain/avr8 gcc/native/3.4.1056/avr8-gnu-toolchain/bin/../lib/gcc/avr/4.8.1/avr5\libgcc.a(_divmodsi4.o)
                0x000067a2                __divmodsi4
 .text.libgcc.div
                0x000067d0       0x10 c:/program files (x86)/atmel/atmel toolchain/avr8 gcc/native/3.4.1056/avr8-gnu-toolchain/bin/../lib/gcc/avr/4.8.1/avr5\libgcc.a(_negsi2.o)
                0x000067d0                __negsi2
 .text.libgcc   0x000067e0        0xc c:/program files (x86)/atmel/atmel toolchain/avr8 gcc/native/3.4.1056/avr8-gnu-toolchain/bin/../lib/gcc/avr/4.8.1/avr5\libgcc.a(_tablejump.o)
                0x000067e0                __tablejump2__
                0x000067e4                __tablejump__
 .text.libgcc.div
                0x000067ec       0x28 c:/program files (x86)/atmel/atmel toolchain/avr8 gcc/native/3.4.1056/avr8-gnu-toolchain/bin/../lib/gcc/avr/4.8.1/avr5\libgcc.a(_udivmodhi4.o)
                0x000067ec                __udivmodhi4
 .text.libgcc.div
                0x00006814       0x44 c:/program files (x86)/atmel/atmel toolchain/avr8 gcc/native/3.4.1056/avr8-gnu-toolchain/bin/../lib/gcc/avr/4.8.1/avr5\libgcc.a(_udivmodsi4.o)
                0x00006814                __udivmodsi4
 .text.avr-libc
                0x00006858      0x24e c:/program files (x86)/atmel/atmel toolchain/avr8 gcc/native/3.4.1056/avr8-gnu-toolchain/bin/../lib/gcc/avr/4.8.1/../../../../avr/lib/avr5\libc.a(malloc.o)
                0x00006858                malloc
                0x00006988                free
 .text.avr-libc
                0x00006aa6       0xbc c:/program files (x86)/atmel/atmel toolchain/avr8 gcc/native/3.4.1056/avr8-gnu-toolchain/bin/../lib/gcc/avr/4.8.1/../../../../avr/lib/avr5\libc.a(rand.o)
                0x00006b3c                rand_r
                0x00006b42                rand
                0x00006b4c                srand
 .text.avr-libc
                0x00006b62      0x268 c:/program files (x86)/atmel/atmel toolchain/avr8 gcc/native/3.4.1056/avr8-gnu-toolchain/bin/../lib/gcc/avr/4.8.1/../../../../avr/lib/avr5\libc.a(strtol.o)
                0x00006b62                strtol
 .text.avr-libc
                0x00006dca       0x10 c:/program files (x86)/atmel/atmel toolchain/avr8 gcc/native/3.4.1056/avr8-gnu-toolchain/bin/../lib/gcc/avr/4.8.1/../../../../avr/lib/avr5\libc.a(isspace.o)
                0x00006dca                isspace
 .text.avr-libc
                0x00006dda       0x20 c:/program files (x86)/atmel/atmel toolchain/avr8 gcc/native/3.4.1056/avr8-gnu-toolchain/bin/../lib/gcc/avr/4.8.1/../../../../avr/lib/avr5\libc.a(strrev.o)
                0x00006dda                strrev
 .text.avr-libc
                0x00006dfa       0x44 c:/program files (x86)/atmel/atmel toolchain/avr8 gcc/native/3.4.1056/avr8-gnu-toolchain/bin/../lib/gcc/avr/4.8.1/../../../../avr/lib/avr5\libc.a(sprintf.o)
                0x00006dfa                sprintf
 .text.avr-libc
                0x00006e3e      0x3a4 c:/program files (x86)/atmel/atmel toolchain/avr8 gcc/native/3.4.1056/avr8-gnu-toolchain/bin/../lib/gcc/avr/4.8.1/../../../../avr/lib/avr5\libc.a(vfprintf_std.o)
                0x00006e3e                vfprintf
 .text.avr-libc
                0x000071e2        0xc c:/program files (x86)/atmel/atmel toolchain/avr8 gcc/native/3.4.1056/avr8-gnu-toolchain/bin/../lib/gcc/avr/4.8.1/../../../../avr/lib/avr5\libc.a(eerd_word_atmega32.o)
                0x000071e2                __eerd_word_m32
 .text.avr-libc
                0x000071ee        0xa c:/program files (x86)/atmel/atmel toolchain/avr8 gcc/native/3.4.1056/avr8-gnu-toolchain/bin/../lib/gcc/avr/4.8.1/../../../../avr/lib/avr5\libc.a(eewr_word_atmega32.o)
                0x000071ee                __eewr_word_m32
 .text.avr-libc
                0x000071f8        0x6 c:/program files (x86)/atmel/atmel toolchain/avr8 gcc/native/3.4.1056/avr8-gnu-toolchain/bin/../lib/gcc/avr/4.8.1/../../../../avr/lib/avr5\libc.a(cty_isfalse.o)
                0x000071f8                __ctype_isfalse
                0x000071fc                __ctype_istrue
 .text.avr-libc
                0x000071fe       0x16 c:/program files (x86)/atmel/atmel toolchain/avr8 gcc/native/3.4.1056/avr8-gnu-toolchain/bin/../lib/gcc/avr/4.8.1/../../../../avr/lib/avr5\libc.a(strnlen_P.o)
                0x000071fe                strnlen_P
 .text.avr-libc
                0x00007214       0x16 c:/program files (x86)/atmel/atmel toolchain/avr8 gcc/native/3.4.1056/avr8-gnu-toolchain/bin/../lib/gcc/avr/4.8.1/../../../../avr/lib/avr5\libc.a(strnlen.o)
                0x00007214                strnlen
 .text.avr-libc
                0x0000722a       0x64 c:/program files (x86)/atmel/atmel toolchain/avr8 gcc/native/3.4.1056/avr8-gnu-toolchain/bin/../lib/gcc/avr/4.8.1/../../../../avr/lib/avr5\libc.a(fputc.o)
                0x0000722a                fputc
 .text.avr-libc
                0x0000728e       0xbc c:/program files (x86)/atmel/atmel toolchain/avr8 gcc/native/3.4.1056/avr8-gnu-toolchain/bin/../lib/gcc/avr/4.8.1/../../../../avr/lib/avr5\libc.a(ultoa_invert.o)
                0x0000728e                __ultoa_invert
 .text.avr-libc
                0x0000734a       0x20 c:/program files (x86)/atmel/atmel toolchain/avr8 gcc/native/3.4.1056/avr8-gnu-toolchain/bin/../lib/gcc/avr/4.8.1/../../../../avr/lib/avr5\libc.a(eerd_block_atmega32.o)
                0x0000734a                __eerd_block_m32
                0x0000734e                __eerd_blraw_m32
 .text.avr-libc
                0x0000736a       0x1a c:/program files (x86)/atmel/atmel toolchain/avr8 gcc/native/3.4.1056/avr8-gnu-toolchain/bin/../lib/gcc/avr/4.8.1/../../../../avr/lib/avr5\libc.a(eewr_byte_atmega32.o)
                0x0000736a                __eewr_byte_m32
                0x0000736c                __eewr_r18_m32
 .text.libgcc.mul
                0x00007384       0x20 c:/program files (x86)/atmel/atmel toolchain/avr8 gcc/native/3.4.1056/avr8-gnu-toolchain/bin/../lib/gcc/avr/4.8.1/avr5\libgcc.a(_mulsi3.o)
                0x00007384                __mulsi3
 .text.libgcc.mul
                0x000073a4       0x16 c:/program files (x86)/atmel/atmel toolchain/avr8 gcc/native/3.4.1056/avr8-gnu-toolchain/bin/../lib/gcc/avr/4.8.1/avr5\libgcc.a(_muluhisi3.o)
                0x000073a4                __muluhisi3
 .text.libgcc.mul
                0x000073ba       0x10 c:/program files (x86)/atmel/atmel toolchain/avr8 gcc/native/3.4.1056/avr8-gnu-toolchain/bin/../lib/gcc/avr/4.8.1/avr5\libgcc.a(_mulshisi3.o)
                0x000073ba                __mulshisi3
                0x000073c0                __mulohisi3
 .text.libgcc.prologue
                0x000073ca       0x38 c:/program files (x86)/atmel/atmel toolchain/avr8 gcc/native/3.4.1056/avr8-gnu-toolchain/bin/../lib/gcc/avr/4.8.1/avr5\libgcc.a(_prologue.o)
                0x000073ca                __prologue_saves__
 .text.libgcc.prologue
                0x00007402       0x36 c:/program files (x86)/atmel/atmel toolchain/avr8 gcc/native/3.4.1056/avr8-gnu-toolchain/bin/../lib/gcc/avr/4.8.1/avr5\libgcc.a(_epilogue.o)
                0x00007402                __epilogue_restores__
 .text.libgcc.mul
                0x00007438       0x1e c:/program files (x86)/atmel/atmel toolchain/avr8 gcc/native/3.4.1056/avr8-gnu-toolchain/bin/../lib/gcc/avr/4.8.1/avr5\libgcc.a(_umulhisi3.o)
                0x00007438                __umulhisi3
                0x00007456                . = ALIGN (0x2)
 *(.fini9)
 .fini9         0x00007456        0x0 c:/program files (x86)/atmel/atmel toolchain/avr8 gcc/native/3.4.1056/avr8-gnu-toolchain/bin/../lib/gcc/avr/4.8.1/avr5\libgcc.a(_exit.o)
                0x00007456                _exit
                0x00007456                exit
 *(.fini9)
 *(.fini8)
 *(.fini8)
 *(.fini7)
 *(.fini7)
 *(.fini6)
 *(.fini6)
 *(.fini5)
 *(.fini5)
 *(.fini4)
 *(.fini4)
 *(.fini3)
 *(.fini3)
 *(.fini2)
 *(.fini2)
 *(.fini1)
 *(.fini1)
 *(.fini0)
 .fini0         0x00007456        0x4 c:/program files (x86)/atmel/atmel toolchain/avr8 gcc/native/3.4.1056/avr8-gnu-toolchain/bin/../lib/gcc/avr/4.8.1/avr5\libgcc.a(_exit.o)
 *(.fini0)
                0x0000745a                _etext = .

.data           0x00800060       0x8e load address 0x0000745a
                0x00800060                PROVIDE (__data_start, .)
 *(.data)
 .data          0x00800060        0x0 c:/program files (x86)/atmel/atmel toolchain/avr8 gcc/native/3.4.1056/avr8-gnu-toolchain/bin/../lib/gcc/avr/4.8.1/../../../../avr/lib/avr5/crtm32.o
 .data          0x00800060        0x0 complex.o
 .data          0x00800060        0x0 eeprom.o
 .data          0x00800060        0x0 flag.o
 .data          0x00800060        0x0 gates.o
 .data          0x00800060        0x0 interrupts.o
 .data          0x00800060        0x0 jumpstack.o
 .data          0x00800060        0x0 qepu.o
 .data          0x00800060        0x0 QEPU_Project_Atmega32.o
 .data          0x00800060        0x0 qmem.o
 .data          0x00800060        0x0 sram.o
 .data          0x00800060        0x0 uart.o
 .data          0x00800060        0x0 utils.o
 .data          0x00800060        0x0 c:/program files (x86)/atmel/atmel toolchain/avr8 gcc/native/3.4.1056/avr8-gnu-toolchain/bin/../lib/gcc/avr/4.8.1/../../../../avr/lib/avr5\libm.a(acos.o)
 .data          0x00800060        0x0 c:/program files (x86)/atmel/atmel toolchain/avr8 gcc/native/3.4.1056/avr8-gnu-toolchain/bin/../lib/gcc/avr/4.8.1/../../../../avr/lib/avr5\libm.a(addsf3.o)
 .data          0x00800060        0x0 c:/program files (x86)/atmel/atmel toolchain/avr8 gcc/native/3.4.1056/avr8-gnu-toolchain/bin/../lib/gcc/avr/4.8.1/../../../../avr/lib/avr5\libm.a(addsf3x.o)
 .data          0x00800060        0x0 c:/program files (x86)/atmel/atmel toolchain/avr8 gcc/native/3.4.1056/avr8-gnu-toolchain/bin/../lib/gcc/avr/4.8.1/../../../../avr/lib/avr5\libm.a(atan.o)
 .data          0x00800060        0x0 c:/program files (x86)/atmel/atmel toolchain/avr8 gcc/native/3.4.1056/avr8-gnu-toolchain/bin/../lib/gcc/avr/4.8.1/../../../../avr/lib/avr5\libm.a(cmpsf2.o)
 .data          0x00800060        0x0 c:/program files (x86)/atmel/atmel toolchain/avr8 gcc/native/3.4.1056/avr8-gnu-toolchain/bin/../lib/gcc/avr/4.8.1/../../../../avr/lib/avr5\libm.a(cos.o)
 .data          0x00800060        0x0 c:/program files (x86)/atmel/atmel toolchain/avr8 gcc/native/3.4.1056/avr8-gnu-toolchain/bin/../lib/gcc/avr/4.8.1/../../../../avr/lib/avr5\libm.a(divsf3.o)
 .data          0x00800060        0x0 c:/program files (x86)/atmel/atmel toolchain/avr8 gcc/native/3.4.1056/avr8-gnu-toolchain/bin/../lib/gcc/avr/4.8.1/../../../../avr/lib/avr5\libm.a(divsf3x.o)
 .data          0x00800060        0x0 c:/program files (x86)/atmel/atmel toolchain/avr8 gcc/native/3.4.1056/avr8-gnu-toolchain/bin/../lib/gcc/avr/4.8.1/../../../../avr/lib/avr5\libm.a(exp.o)
 .data          0x00800060        0x0 c:/program files (x86)/atmel/atmel toolchain/avr8 gcc/native/3.4.1056/avr8-gnu-toolchain/bin/../lib/gcc/avr/4.8.1/../../../../avr/lib/avr5\libm.a(fixsfsi.o)
 .data          0x00800060        0x0 c:/program files (x86)/atmel/atmel toolchain/avr8 gcc/native/3.4.1056/avr8-gnu-toolchain/bin/../lib/gcc/avr/4.8.1/../../../../avr/lib/avr5\libm.a(fixunssfsi.o)
 .data          0x00800060        0x0 c:/program files (x86)/atmel/atmel toolchain/avr8 gcc/native/3.4.1056/avr8-gnu-toolchain/bin/../lib/gcc/avr/4.8.1/../../../../avr/lib/avr5\libm.a(floatsisf.o)
 .data          0x00800060        0x0 c:/program files (x86)/atmel/atmel toolchain/avr8 gcc/native/3.4.1056/avr8-gnu-toolchain/bin/../lib/gcc/avr/4.8.1/../../../../avr/lib/avr5\libm.a(fp_arccos.o)
 .data          0x00800060        0x0 c:/program files (x86)/atmel/atmel toolchain/avr8 gcc/native/3.4.1056/avr8-gnu-toolchain/bin/../lib/gcc/avr/4.8.1/../../../../avr/lib/avr5\libm.a(fp_cmp.o)
 .data          0x00800060        0x0 c:/program files (x86)/atmel/atmel toolchain/avr8 gcc/native/3.4.1056/avr8-gnu-toolchain/bin/../lib/gcc/avr/4.8.1/../../../../avr/lib/avr5\libm.a(fp_inf.o)
 .data          0x00800060        0x0 c:/program files (x86)/atmel/atmel toolchain/avr8 gcc/native/3.4.1056/avr8-gnu-toolchain/bin/../lib/gcc/avr/4.8.1/../../../../avr/lib/avr5\libm.a(fp_nan.o)
 .data          0x00800060        0x0 c:/program files (x86)/atmel/atmel toolchain/avr8 gcc/native/3.4.1056/avr8-gnu-toolchain/bin/../lib/gcc/avr/4.8.1/../../../../avr/lib/avr5\libm.a(fp_powser.o)
 .data          0x00800060        0x0 c:/program files (x86)/atmel/atmel toolchain/avr8 gcc/native/3.4.1056/avr8-gnu-toolchain/bin/../lib/gcc/avr/4.8.1/../../../../avr/lib/avr5\libm.a(fp_pscA.o)
 .data          0x00800060        0x0 c:/program files (x86)/atmel/atmel toolchain/avr8 gcc/native/3.4.1056/avr8-gnu-toolchain/bin/../lib/gcc/avr/4.8.1/../../../../avr/lib/avr5\libm.a(fp_pscB.o)
 .data          0x00800060        0x0 c:/program files (x86)/atmel/atmel toolchain/avr8 gcc/native/3.4.1056/avr8-gnu-toolchain/bin/../lib/gcc/avr/4.8.1/../../../../avr/lib/avr5\libm.a(fp_rempio2.o)
 .data          0x00800060        0x0 c:/program files (x86)/atmel/atmel toolchain/avr8 gcc/native/3.4.1056/avr8-gnu-toolchain/bin/../lib/gcc/avr/4.8.1/../../../../avr/lib/avr5\libm.a(fp_round.o)
 .data          0x00800060        0x0 c:/program files (x86)/atmel/atmel toolchain/avr8 gcc/native/3.4.1056/avr8-gnu-toolchain/bin/../lib/gcc/avr/4.8.1/../../../../avr/lib/avr5\libm.a(fp_sinus.o)
 .data          0x00800060        0x0 c:/program files (x86)/atmel/atmel toolchain/avr8 gcc/native/3.4.1056/avr8-gnu-toolchain/bin/../lib/gcc/avr/4.8.1/../../../../avr/lib/avr5\libm.a(fp_split3.o)
 .data          0x00800060        0x0 c:/program files (x86)/atmel/atmel toolchain/avr8 gcc/native/3.4.1056/avr8-gnu-toolchain/bin/../lib/gcc/avr/4.8.1/../../../../avr/lib/avr5\libm.a(fp_zero.o)
 .data          0x00800060        0x0 c:/program files (x86)/atmel/atmel toolchain/avr8 gcc/native/3.4.1056/avr8-gnu-toolchain/bin/../lib/gcc/avr/4.8.1/../../../../avr/lib/avr5\libm.a(gesf2.o)
 .data          0x00800060        0x0 c:/program files (x86)/atmel/atmel toolchain/avr8 gcc/native/3.4.1056/avr8-gnu-toolchain/bin/../lib/gcc/avr/4.8.1/../../../../avr/lib/avr5\libm.a(inverse.o)
 .data          0x00800060        0x0 c:/program files (x86)/atmel/atmel toolchain/avr8 gcc/native/3.4.1056/avr8-gnu-toolchain/bin/../lib/gcc/avr/4.8.1/../../../../avr/lib/avr5\libm.a(ldexp.o)
 .data          0x00800060        0x0 c:/program files (x86)/atmel/atmel toolchain/avr8 gcc/native/3.4.1056/avr8-gnu-toolchain/bin/../lib/gcc/avr/4.8.1/../../../../avr/lib/avr5\libm.a(log.o)
 .data          0x00800060        0x0 c:/program files (x86)/atmel/atmel toolchain/avr8 gcc/native/3.4.1056/avr8-gnu-toolchain/bin/../lib/gcc/avr/4.8.1/../../../../avr/lib/avr5\libm.a(modf.o)
 .data          0x00800060        0x0 c:/program files (x86)/atmel/atmel toolchain/avr8 gcc/native/3.4.1056/avr8-gnu-toolchain/bin/../lib/gcc/avr/4.8.1/../../../../avr/lib/avr5\libm.a(mulsf3.o)
 .data          0x00800060        0x0 c:/program files (x86)/atmel/atmel toolchain/avr8 gcc/native/3.4.1056/avr8-gnu-toolchain/bin/../lib/gcc/avr/4.8.1/../../../../avr/lib/avr5\libm.a(mulsf3x.o)
 .data          0x00800060        0x0 c:/program files (x86)/atmel/atmel toolchain/avr8 gcc/native/3.4.1056/avr8-gnu-toolchain/bin/../lib/gcc/avr/4.8.1/../../../../avr/lib/avr5\libm.a(sin.o)
 .data          0x00800060        0x0 c:/program files (x86)/atmel/atmel toolchain/avr8 gcc/native/3.4.1056/avr8-gnu-toolchain/bin/../lib/gcc/avr/4.8.1/../../../../avr/lib/avr5\libm.a(sqrt.o)
 .data          0x00800060        0x0 c:/program files (x86)/atmel/atmel toolchain/avr8 gcc/native/3.4.1056/avr8-gnu-toolchain/bin/../lib/gcc/avr/4.8.1/../../../../avr/lib/avr5\libm.a(square.o)
 .data          0x00800060        0x0 c:/program files (x86)/atmel/atmel toolchain/avr8 gcc/native/3.4.1056/avr8-gnu-toolchain/bin/../lib/gcc/avr/4.8.1/../../../../avr/lib/avr5\libm.a(fp_mpack.o)
 .data          0x00800060        0x0 c:/program files (x86)/atmel/atmel toolchain/avr8 gcc/native/3.4.1056/avr8-gnu-toolchain/bin/../lib/gcc/avr/4.8.1/../../../../avr/lib/avr5\libm.a(fp_norm2.o)
 .data          0x00800060        0x0 c:/program files (x86)/atmel/atmel toolchain/avr8 gcc/native/3.4.1056/avr8-gnu-toolchain/bin/../lib/gcc/avr/4.8.1/../../../../avr/lib/avr5\libm.a(fp_powsodd.o)
 .data          0x00800060        0x0 c:/program files (x86)/atmel/atmel toolchain/avr8 gcc/native/3.4.1056/avr8-gnu-toolchain/bin/../lib/gcc/avr/4.8.1/avr5\libgcc.a(_divmodhi4.o)
 .data          0x00800060        0x0 c:/program files (x86)/atmel/atmel toolchain/avr8 gcc/native/3.4.1056/avr8-gnu-toolchain/bin/../lib/gcc/avr/4.8.1/avr5\libgcc.a(_divmodsi4.o)
 .data          0x00800060        0x0 c:/program files (x86)/atmel/atmel toolchain/avr8 gcc/native/3.4.1056/avr8-gnu-toolchain/bin/../lib/gcc/avr/4.8.1/avr5\libgcc.a(_negsi2.o)
 .data          0x00800060        0x0 c:/program files (x86)/atmel/atmel toolchain/avr8 gcc/native/3.4.1056/avr8-gnu-toolchain/bin/../lib/gcc/avr/4.8.1/avr5\libgcc.a(_exit.o)
 .data          0x00800060        0x0 c:/program files (x86)/atmel/atmel toolchain/avr8 gcc/native/3.4.1056/avr8-gnu-toolchain/bin/../lib/gcc/avr/4.8.1/avr5\libgcc.a(_tablejump.o)
 .data          0x00800060        0x0 c:/program files (x86)/atmel/atmel toolchain/avr8 gcc/native/3.4.1056/avr8-gnu-toolchain/bin/../lib/gcc/avr/4.8.1/avr5\libgcc.a(_copy_data.o)
 .data          0x00800060        0x0 c:/program files (x86)/atmel/atmel toolchain/avr8 gcc/native/3.4.1056/avr8-gnu-toolchain/bin/../lib/gcc/avr/4.8.1/avr5\libgcc.a(_clear_bss.o)
 .data          0x00800060        0x0 c:/program files (x86)/atmel/atmel toolchain/avr8 gcc/native/3.4.1056/avr8-gnu-toolchain/bin/../lib/gcc/avr/4.8.1/avr5\libgcc.a(_ctors.o)
 .data          0x00800060        0x0 c:/program files (x86)/atmel/atmel toolchain/avr8 gcc/native/3.4.1056/avr8-gnu-toolchain/bin/../lib/gcc/avr/4.8.1/avr5\libgcc.a(_udivmodhi4.o)
 .data          0x00800060        0x0 c:/program files (x86)/atmel/atmel toolchain/avr8 gcc/native/3.4.1056/avr8-gnu-toolchain/bin/../lib/gcc/avr/4.8.1/avr5\libgcc.a(_udivmodsi4.o)
 .data          0x00800060        0x6 c:/program files (x86)/atmel/atmel toolchain/avr8 gcc/native/3.4.1056/avr8-gnu-toolchain/bin/../lib/gcc/avr/4.8.1/../../../../avr/lib/avr5\libc.a(malloc.o)
                0x00800060                __malloc_heap_end
                0x00800062                __malloc_heap_start
                0x00800064                __malloc_margin
 .data          0x00800066        0x4 c:/program files (x86)/atmel/atmel toolchain/avr8 gcc/native/3.4.1056/avr8-gnu-toolchain/bin/../lib/gcc/avr/4.8.1/../../../../avr/lib/avr5\libc.a(rand.o)
 .data          0x0080006a        0x0 c:/program files (x86)/atmel/atmel toolchain/avr8 gcc/native/3.4.1056/avr8-gnu-toolchain/bin/../lib/gcc/avr/4.8.1/../../../../avr/lib/avr5\libc.a(strtol.o)
 .data          0x0080006a        0x0 c:/program files (x86)/atmel/atmel toolchain/avr8 gcc/native/3.4.1056/avr8-gnu-toolchain/bin/../lib/gcc/avr/4.8.1/../../../../avr/lib/avr5\libc.a(atoi.o)
 .data          0x0080006a        0x0 c:/program files (x86)/atmel/atmel toolchain/avr8 gcc/native/3.4.1056/avr8-gnu-toolchain/bin/../lib/gcc/avr/4.8.1/../../../../avr/lib/avr5\libc.a(isspace.o)
 .data          0x0080006a        0x0 c:/program files (x86)/atmel/atmel toolchain/avr8 gcc/native/3.4.1056/avr8-gnu-toolchain/bin/../lib/gcc/avr/4.8.1/../../../../avr/lib/avr5\libc.a(strcat.o)
 .data          0x0080006a        0x0 c:/program files (x86)/atmel/atmel toolchain/avr8 gcc/native/3.4.1056/avr8-gnu-toolchain/bin/../lib/gcc/avr/4.8.1/../../../../avr/lib/avr5\libc.a(strrev.o)
 .data          0x0080006a        0x0 c:/program files (x86)/atmel/atmel toolchain/avr8 gcc/native/3.4.1056/avr8-gnu-toolchain/bin/../lib/gcc/avr/4.8.1/../../../../avr/lib/avr5\libc.a(mul10.o)
 .data          0x0080006a        0x0 c:/program files (x86)/atmel/atmel toolchain/avr8 gcc/native/3.4.1056/avr8-gnu-toolchain/bin/../lib/gcc/avr/4.8.1/../../../../avr/lib/avr5\libc.a(sprintf.o)
 .data          0x0080006a        0x0 c:/program files (x86)/atmel/atmel toolchain/avr8 gcc/native/3.4.1056/avr8-gnu-toolchain/bin/../lib/gcc/avr/4.8.1/../../../../avr/lib/avr5\libc.a(vfprintf_std.o)
 .data          0x0080006a        0x0 c:/program files (x86)/atmel/atmel toolchain/avr8 gcc/native/3.4.1056/avr8-gnu-toolchain/bin/../lib/gcc/avr/4.8.1/../../../../avr/lib/avr5\libc.a(eerd_word_atmega32.o)
 .data          0x0080006a        0x0 c:/program files (x86)/atmel/atmel toolchain/avr8 gcc/native/3.4.1056/avr8-gnu-toolchain/bin/../lib/gcc/avr/4.8.1/../../../../avr/lib/avr5\libc.a(eewr_word_atmega32.o)
 .data          0x0080006a        0x0 c:/program files (x86)/atmel/atmel toolchain/avr8 gcc/native/3.4.1056/avr8-gnu-toolchain/bin/../lib/gcc/avr/4.8.1/../../../../avr/lib/avr5\libc.a(errno.o)
 .data          0x0080006a        0x0 c:/program files (x86)/atmel/atmel toolchain/avr8 gcc/native/3.4.1056/avr8-gnu-toolchain/bin/../lib/gcc/avr/4.8.1/../../../../avr/lib/avr5\libc.a(cty_isfalse.o)
 .data          0x0080006a        0x0 c:/program files (x86)/atmel/atmel toolchain/avr8 gcc/native/3.4.1056/avr8-gnu-toolchain/bin/../lib/gcc/avr/4.8.1/../../../../avr/lib/avr5\libc.a(strnlen_P.o)
 .data          0x0080006a        0x0 c:/program files (x86)/atmel/atmel toolchain/avr8 gcc/native/3.4.1056/avr8-gnu-toolchain/bin/../lib/gcc/avr/4.8.1/../../../../avr/lib/avr5\libc.a(strnlen.o)
 .data          0x0080006a        0x0 c:/program files (x86)/atmel/atmel toolchain/avr8 gcc/native/3.4.1056/avr8-gnu-toolchain/bin/../lib/gcc/avr/4.8.1/../../../../avr/lib/avr5\libc.a(fputc.o)
 .data          0x0080006a        0x0 c:/program files (x86)/atmel/atmel toolchain/avr8 gcc/native/3.4.1056/avr8-gnu-toolchain/bin/../lib/gcc/avr/4.8.1/../../../../avr/lib/avr5\libc.a(ultoa_invert.o)
 .data          0x0080006a        0x0 c:/program files (x86)/atmel/atmel toolchain/avr8 gcc/native/3.4.1056/avr8-gnu-toolchain/bin/../lib/gcc/avr/4.8.1/../../../../avr/lib/avr5\libc.a(eerd_block_atmega32.o)
 .data          0x0080006a        0x0 c:/program files (x86)/atmel/atmel toolchain/avr8 gcc/native/3.4.1056/avr8-gnu-toolchain/bin/../lib/gcc/avr/4.8.1/../../../../avr/lib/avr5\libc.a(eewr_byte_atmega32.o)
 .data          0x0080006a        0x0 c:/program files (x86)/atmel/atmel toolchain/avr8 gcc/native/3.4.1056/avr8-gnu-toolchain/bin/../lib/gcc/avr/4.8.1/avr5\libgcc.a(_mulsi3.o)
 .data          0x0080006a        0x0 c:/program files (x86)/atmel/atmel toolchain/avr8 gcc/native/3.4.1056/avr8-gnu-toolchain/bin/../lib/gcc/avr/4.8.1/avr5\libgcc.a(_muluhisi3.o)
 .data          0x0080006a        0x0 c:/program files (x86)/atmel/atmel toolchain/avr8 gcc/native/3.4.1056/avr8-gnu-toolchain/bin/../lib/gcc/avr/4.8.1/avr5\libgcc.a(_mulshisi3.o)
 .data          0x0080006a        0x0 c:/program files (x86)/atmel/atmel toolchain/avr8 gcc/native/3.4.1056/avr8-gnu-toolchain/bin/../lib/gcc/avr/4.8.1/avr5\libgcc.a(_prologue.o)
 .data          0x0080006a        0x0 c:/program files (x86)/atmel/atmel toolchain/avr8 gcc/native/3.4.1056/avr8-gnu-toolchain/bin/../lib/gcc/avr/4.8.1/avr5\libgcc.a(_epilogue.o)
 .data          0x0080006a        0x0 c:/program files (x86)/atmel/atmel toolchain/avr8 gcc/native/3.4.1056/avr8-gnu-toolchain/bin/../lib/gcc/avr/4.8.1/avr5\libgcc.a(_umulhisi3.o)
 *(.data*)
 *(.rodata)
 *(.rodata*)
 .rodata.str1.1
                0x0080006a       0x4d qepu.o
                                 0x4e (size before relaxing)
 .rodata.str1.1
                0x008000b7       0x36 qmem.o
                                 0x3a (size before relaxing)
 *(.gnu.linkonce.d*)
                0x008000ee                . = ALIGN (0x2)
 *fill*         0x008000ed        0x1 
                0x008000ee                _edata = .
                0x008000ee                PROVIDE (__data_end, .)

.bss            0x008000ee       0x10
                0x008000ee                PROVIDE (__bss_start, .)
 *(.bss)
 *(.bss*)
 .bss._ZN4QEPU4Flag8flaglistE
                0x008000ee        0x9 flag.o
                0x008000ee                _ZN4QEPU4Flag8flaglistE
 .bss.s         0x008000f7        0x1 gates.o
                0x008000f7                s
 *(COMMON)
 COMMON         0x008000f8        0x4 c:/program files (x86)/atmel/atmel toolchain/avr8 gcc/native/3.4.1056/avr8-gnu-toolchain/bin/../lib/gcc/avr/4.8.1/../../../../avr/lib/avr5\libc.a(malloc.o)
                0x008000f8                __brkval
                0x008000fa                __flp
 COMMON         0x008000fc        0x2 c:/program files (x86)/atmel/atmel toolchain/avr8 gcc/native/3.4.1056/avr8-gnu-toolchain/bin/../lib/gcc/avr/4.8.1/../../../../avr/lib/avr5\libc.a(errno.o)
                0x008000fc                errno
                0x008000fe                PROVIDE (__bss_end, .)
                0x0000745a                __data_load_start = LOADADDR (.data)
                0x000074e8                __data_load_end = (__data_load_start + SIZEOF (.data))

.noinit         0x008000fe        0x0
                0x008000fe                PROVIDE (__noinit_start, .)
 *(.noinit*)
                0x008000fe                PROVIDE (__noinit_end, .)
                0x008000fe                _end = .
                0x008000fe                PROVIDE (__heap_start, .)

.eeprom         0x00810000        0x2
 *(.eeprom*)
 .eeprom        0x00810000        0x2 qepu.o
                0x00810000                randinit
                0x00810002                __eeprom_end = .

.fuse
 *(.fuse)
 *(.lfuse)
 *(.hfuse)
 *(.efuse)

.lock
 *(.lock*)

.signature
 *(.signature*)

.user_signatures
 *(.user_signatures*)

.stab
 *(.stab)

.stabstr
 *(.stabstr)

.stab.excl
 *(.stab.excl)

.stab.exclstr
 *(.stab.exclstr)

.stab.index
 *(.stab.index)

.stab.indexstr
 *(.stab.indexstr)

.comment        0x00000000       0x5c
 *(.comment)
 .comment       0x00000000       0x30 complex.o
                                 0x31 (size before relaxing)
 .comment       0x00000000       0x31 eeprom.o
 .comment       0x00000000       0x31 flag.o
 .comment       0x00000000       0x31 gates.o
 .comment       0x00000000       0x31 interrupts.o
 .comment       0x00000000       0x31 jumpstack.o
 .comment       0x00000000       0x31 qepu.o
 .comment       0x00000000       0x31 QEPU_Project_Atmega32.o
 .comment       0x00000000       0x31 qmem.o
 .comment       0x00000000       0x31 sram.o
 .comment       0x00000000       0x31 uart.o
 .comment       0x00000000       0x31 utils.o
 .comment       0x00000000       0x31 c:/program files (x86)/atmel/atmel toolchain/avr8 gcc/native/3.4.1056/avr8-gnu-toolchain/bin/../lib/gcc/avr/4.8.1/../../../../avr/lib/avr5\libc.a(malloc.o)
 .comment       0x00000000       0x31 c:/program files (x86)/atmel/atmel toolchain/avr8 gcc/native/3.4.1056/avr8-gnu-toolchain/bin/../lib/gcc/avr/4.8.1/../../../../avr/lib/avr5\libc.a(rand.o)
 .comment       0x00000000       0x31 c:/program files (x86)/atmel/atmel toolchain/avr8 gcc/native/3.4.1056/avr8-gnu-toolchain/bin/../lib/gcc/avr/4.8.1/../../../../avr/lib/avr5\libc.a(strtol.o)
 .comment       0x00000000       0x31 c:/program files (x86)/atmel/atmel toolchain/avr8 gcc/native/3.4.1056/avr8-gnu-toolchain/bin/../lib/gcc/avr/4.8.1/../../../../avr/lib/avr5\libc.a(sprintf.o)
 .comment       0x00000030       0x2c c:/program files (x86)/atmel/atmel toolchain/avr8 gcc/native/3.4.1056/avr8-gnu-toolchain/bin/../lib/gcc/avr/4.8.1/../../../../avr/lib/avr5\libc.a(vfprintf_std.o)
                                 0x2d (size before relaxing)
 .comment       0x00000000       0x2d c:/program files (x86)/atmel/atmel toolchain/avr8 gcc/native/3.4.1056/avr8-gnu-toolchain/bin/../lib/gcc/avr/4.8.1/../../../../avr/lib/avr5\libc.a(errno.o)
 .comment       0x00000000       0x31 c:/program files (x86)/atmel/atmel toolchain/avr8 gcc/native/3.4.1056/avr8-gnu-toolchain/bin/../lib/gcc/avr/4.8.1/../../../../avr/lib/avr5\libc.a(fputc.o)

.note.gnu.build-id
 *(.note.gnu.build-id)

.debug
 *(.debug)

.line
 *(.line)

.debug_srcinfo
 *(.debug_srcinfo)

.debug_sfnames
 *(.debug_sfnames)

.debug_aranges  0x00000000      0x438
 *(.debug_aranges)
 .debug_aranges
                0x00000000       0x40 complex.o
 .debug_aranges
                0x00000040       0x48 eeprom.o
 .debug_aranges
                0x00000088       0x28 flag.o
 .debug_aranges
                0x000000b0      0x108 gates.o
 .debug_aranges
                0x000001b8       0x28 interrupts.o
 .debug_aranges
                0x000001e0       0x38 jumpstack.o
 .debug_aranges
                0x00000218       0x40 qepu.o
 .debug_aranges
                0x00000258       0x20 QEPU_Project_Atmega32.o
 .debug_aranges
                0x00000278       0x90 qmem.o
 .debug_aranges
                0x00000308       0x80 sram.o
 .debug_aranges
                0x00000388       0x48 uart.o
 .debug_aranges
                0x000003d0       0x68 utils.o

.debug_pubnames
 *(.debug_pubnames)

.debug_info     0x00000000    0x146a2
 *(.debug_info .gnu.linkonce.wi.*)
 .debug_info    0x00000000      0x2c8 complex.o
 .debug_info    0x000002c8      0x48e eeprom.o
 .debug_info    0x00000756     0x12b9 flag.o
 .debug_info    0x00001a0f     0x7808 gates.o
 .debug_info    0x00009217     0x16a4 interrupts.o
 .debug_info    0x0000a8bb     0x13d9 jumpstack.o
 .debug_info    0x0000bc94     0x4770 qepu.o
 .debug_info    0x00010404     0x1281 QEPU_Project_Atmega32.o
 .debug_info    0x00011685     0x1805 qmem.o
 .debug_info    0x00012e8a      0xc3d sram.o
 .debug_info    0x00013ac7      0x354 uart.o
 .debug_info    0x00013e1b      0x887 utils.o

.debug_abbrev   0x00000000     0x204f
 *(.debug_abbrev)
 .debug_abbrev  0x00000000      0x197 complex.o
 .debug_abbrev  0x00000197      0x22d eeprom.o
 .debug_abbrev  0x000003c4      0x24c flag.o
 .debug_abbrev  0x00000610      0x413 gates.o
 .debug_abbrev  0x00000a23      0x2bb interrupts.o
 .debug_abbrev  0x00000cde      0x2f4 jumpstack.o
 .debug_abbrev  0x00000fd2      0x394 qepu.o
 .debug_abbrev  0x00001366      0x226 QEPU_Project_Atmega32.o
 .debug_abbrev  0x0000158c      0x3b5 qmem.o
 .debug_abbrev  0x00001941      0x300 sram.o
 .debug_abbrev  0x00001c41      0x1c1 uart.o
 .debug_abbrev  0x00001e02      0x24d utils.o

.debug_line     0x00000000     0x1931
 *(.debug_line .debug_line.* .debug_line_end)
 .debug_line    0x00000000       0xfc complex.o
 .debug_line    0x000000fc      0x251 eeprom.o
 .debug_line    0x0000034d      0x116 flag.o
 .debug_line    0x00000463      0x4b4 gates.o
 .debug_line    0x00000917      0x175 interrupts.o
 .debug_line    0x00000a8c      0x15b jumpstack.o
 .debug_line    0x00000be7      0x407 qepu.o
 .debug_line    0x00000fee      0x113 QEPU_Project_Atmega32.o
 .debug_line    0x00001101      0x2a6 qmem.o
 .debug_line    0x000013a7      0x206 sram.o
 .debug_line    0x000015ad       0xad uart.o
 .debug_line    0x0000165a      0x2d7 utils.o

.debug_frame    0x00000000     0x15b8
 *(.debug_frame)
 .debug_frame   0x00000000      0x100 complex.o
 .debug_frame   0x00000100       0xf8 eeprom.o
 .debug_frame   0x000001f8       0x34 flag.o
 .debug_frame   0x0000022c      0xa40 gates.o
 .debug_frame   0x00000c6c       0x8c interrupts.o
 .debug_frame   0x00000cf8       0x98 jumpstack.o
 .debug_frame   0x00000d90      0x138 qepu.o
 .debug_frame   0x00000ec8       0x38 QEPU_Project_Atmega32.o
 .debug_frame   0x00000f00      0x284 qmem.o
 .debug_frame   0x00001184      0x1c8 sram.o
 .debug_frame   0x0000134c       0xa0 uart.o
 .debug_frame   0x000013ec      0x1cc utils.o

.debug_str      0x00000000     0x12f0
 *(.debug_str)
 .debug_str     0x00000000      0x190 complex.o
                                0x196 (size before relaxing)
 .debug_str     0x00000190      0x1a2 eeprom.o
                                0x2be (size before relaxing)
 .debug_str     0x00000332      0xa89 flag.o
                                0xd26 (size before relaxing)
 .debug_str     0x00000dbb      0x258 gates.o
                                0x8f2 (size before relaxing)
 .debug_str     0x00001013       0x50 interrupts.o
                                0xd3c (size before relaxing)
 .debug_str     0x00001063       0x4f jumpstack.o
                                0xd31 (size before relaxing)
 .debug_str     0x000010b2       0x80 qepu.o
                                0xd9d (size before relaxing)
 .debug_str     0x00001132       0x29 QEPU_Project_Atmega32.o
                                0xd06 (size before relaxing)
 .debug_str     0x0000115b       0xa4 qmem.o
                                0x984 (size before relaxing)
 .debug_str     0x000011ff       0x63 sram.o
                                0x593 (size before relaxing)
 .debug_str     0x00001262       0x22 uart.o
                                0x23e (size before relaxing)
 .debug_str     0x00001284       0x6c utils.o
                                0x3a6 (size before relaxing)

.debug_loc      0x00000000     0x7501
 *(.debug_loc)
 .debug_loc     0x00000000      0x2f5 complex.o
 .debug_loc     0x000002f5      0x49c eeprom.o
 .debug_loc     0x00000791       0x26 flag.o
 .debug_loc     0x000007b7     0x34f7 gates.o
 .debug_loc     0x00003cae      0x2aa interrupts.o
 .debug_loc     0x00003f58      0x165 jumpstack.o
 .debug_loc     0x000040bd     0x1252 qepu.o
 .debug_loc     0x0000530f       0x48 QEPU_Project_Atmega32.o
 .debug_loc     0x00005357      0xc5f qmem.o
 .debug_loc     0x00005fb6      0x82b sram.o
 .debug_loc     0x000067e1      0x25b uart.o
 .debug_loc     0x00006a3c      0xac5 utils.o

.debug_macinfo
 *(.debug_macinfo)

.debug_weaknames
 *(.debug_weaknames)

.debug_funcnames
 *(.debug_funcnames)

.debug_typenames
 *(.debug_typenames)

.debug_varnames
 *(.debug_varnames)

.debug_pubtypes
 *(.debug_pubtypes)

.debug_ranges   0x00000000      0x468
 *(.debug_ranges)
 .debug_ranges  0x00000000       0x30 complex.o
 .debug_ranges  0x00000030       0x50 eeprom.o
 .debug_ranges  0x00000080       0x18 flag.o
 .debug_ranges  0x00000098      0x140 gates.o
 .debug_ranges  0x000001d8       0x48 interrupts.o
 .debug_ranges  0x00000220       0x28 jumpstack.o
 .debug_ranges  0x00000248       0x60 qepu.o
 .debug_ranges  0x000002a8       0x10 QEPU_Project_Atmega32.o
 .debug_ranges  0x000002b8       0x80 qmem.o
 .debug_ranges  0x00000338       0x88 sram.o
 .debug_ranges  0x000003c0       0x38 uart.o
 .debug_ranges  0x000003f8       0x70 utils.o

.debug_macro
 *(.debug_macro)
OUTPUT(QEPU_Project_Atmega32.elf elf32-avr)
LOAD linker stubs
